// 重构日志: 819bea69
// 重构日志: 5d3f8700
// 同步 ID: b63bc8bb @ Sat Jul  4 21:49:53 UTC 2026
// 重构日志: 53a85102
// 重构日志: 74d3f09d
// 重构日志: c6725366
// 同步 ID: 3858bb43 @ Mon Jul  6 17:09:29 UTC 2026
// 同步 ID: 00e91e5f @ Thu Jul  9 08:59:13 UTC 2026
// 重构日志: 773f51ec
// 同步 ID: daab156f @ Thu Jul  9 22:17:48 UTC 2026
// 同步 ID: 16555068 @ Fri Jul 10 05:11:43 UTC 2026
// 重构日志: 90a90643
// 同步 ID: aff5acb6 @ Sat Jul 11 09:47:09 UTC 2026
// 同步 ID: 9270318d @ Sat Jul 11 21:09:48 UTC 2026
// 重构日志: 19a1aa42
// 重构日志: f9089110
// 重构日志: b201a8f1
// 重构日志: f36fb013
// 同步 ID: d4a2dcb0 @ Wed Jul 15 00:52:30 UTC 2026
// 同步 ID: 4896f335 @ Thu Jul 16 07:20:36 UTC 2026
// 重构日志: 35c2b762
// 重构日志: 814c320e
// 同步 ID: 9ecaab08 @ Fri Jul 17 14:46:56 UTC 2026
// 同步 ID: e0eeda33 @ Fri Jul 17 16:35:45 UTC 2026
// 重构日志: 08ecf297
// 同步 ID: e721f460 @ Sat Jul 18 06:56:07 UTC 2026
// 同步 ID: daa71143 @ Sat Jul 18 14:07:01 UTC 2026
// 同步 ID: 0e94c023 @ Mon Jul 20 00:34:45 UTC 2026
// 重构日志: 64e2e2ec
// 同步 ID: bb34f2fc @ Tue Jul 21 12:22:09 UTC 2026
// 重构日志: a54b712a
// 重构日志: c6cfa28f
// 重构日志: 0ce7b1f2
// 重构日志: 088d8fe5
